/mnt/iusers01/fse-ugpgt01/chem02/u28460tc/.local/lib/python3.12/site-packages/xgboost/training.py:200: UserWarning: [18:17:16] WARNING: /__w/xgboost/xgboost/src/context.cc:53: No visible GPU is found, setting device to CPU.
  bst.update(dtrain, iteration=i, fobj=obj)
/mnt/iusers01/fse-ugpgt01/chem02/u28460tc/.local/lib/python3.12/site-packages/xgboost/training.py:200: UserWarning: [18:17:16] WARNING: /__w/xgboost/xgboost/src/context.cc:207: Device is changed from GPU to CPU as we couldn't find any available GPU on the system.
  bst.update(dtrain, iteration=i, fobj=obj)
/mnt/iusers01/fse-ugpgt01/chem02/u28460tc/.local/lib/python3.12/site-packages/xgboost/training.py:200: UserWarning: [18:17:22] WARNING: /__w/xgboost/xgboost/src/context.cc:53: No visible GPU is found, setting device to CPU.
  bst.update(dtrain, iteration=i, fobj=obj)
/mnt/iusers01/fse-ugpgt01/chem02/u28460tc/.local/lib/python3.12/site-packages/xgboost/training.py:200: UserWarning: [18:17:22] WARNING: /__w/xgboost/xgboost/src/context.cc:207: Device is changed from GPU to CPU as we couldn't find any available GPU on the system.
  bst.update(dtrain, iteration=i, fobj=obj)
/mnt/iusers01/fse-ugpgt01/chem02/u28460tc/.local/lib/python3.12/site-packages/xgboost/training.py:200: UserWarning: [18:17:29] WARNING: /__w/xgboost/xgboost/src/context.cc:53: No visible GPU is found, setting device to CPU.
  bst.update(dtrain, iteration=i, fobj=obj)
/mnt/iusers01/fse-ugpgt01/chem02/u28460tc/.local/lib/python3.12/site-packages/xgboost/training.py:200: UserWarning: [18:17:31] WARNING: /__w/xgboost/xgboost/src/context.cc:207: Device is changed from GPU to CPU as we couldn't find any available GPU on the system.
  bst.update(dtrain, iteration=i, fobj=obj)
/mnt/iusers01/fse-ugpgt01/chem02/u28460tc/.local/lib/python3.12/site-packages/xgboost/training.py:200: UserWarning: [18:17:38] WARNING: /__w/xgboost/xgboost/src/context.cc:53: No visible GPU is found, setting device to CPU.
  bst.update(dtrain, iteration=i, fobj=obj)
/mnt/iusers01/fse-ugpgt01/chem02/u28460tc/.local/lib/python3.12/site-packages/xgboost/training.py:200: UserWarning: [18:17:38] WARNING: /__w/xgboost/xgboost/src/context.cc:207: Device is changed from GPU to CPU as we couldn't find any available GPU on the system.
  bst.update(dtrain, iteration=i, fobj=obj)
/mnt/iusers01/fse-ugpgt01/chem02/u28460tc/.local/lib/python3.12/site-packages/xgboost/training.py:200: UserWarning: [18:17:44] WARNING: /__w/xgboost/xgboost/src/context.cc:53: No visible GPU is found, setting device to CPU.
  bst.update(dtrain, iteration=i, fobj=obj)
/mnt/iusers01/fse-ugpgt01/chem02/u28460tc/.local/lib/python3.12/site-packages/xgboost/training.py:200: UserWarning: [18:17:44] WARNING: /__w/xgboost/xgboost/src/context.cc:207: Device is changed from GPU to CPU as we couldn't find any available GPU on the system.
  bst.update(dtrain, iteration=i, fobj=obj)
/mnt/iusers01/fse-ugpgt01/chem02/u28460tc/.local/lib/python3.12/site-packages/xgboost/training.py:200: UserWarning: [18:17:51] WARNING: /__w/xgboost/xgboost/src/context.cc:53: No visible GPU is found, setting device to CPU.
  bst.update(dtrain, iteration=i, fobj=obj)
/mnt/iusers01/fse-ugpgt01/chem02/u28460tc/.local/lib/python3.12/site-packages/xgboost/training.py:200: UserWarning: [18:17:51] WARNING: /__w/xgboost/xgboost/src/context.cc:207: Device is changed from GPU to CPU as we couldn't find any available GPU on the system.
  bst.update(dtrain, iteration=i, fobj=obj)
Successfully loaded sequences from: sequences_cofactorless_testing.txt
Successfully loaded sequences from: sequences_cu_testing.txt
Successfully loaded sequences from: sequences_fad_testing.txt
Successfully loaded sequences from: sequences_heme_testing.txt
Successfully loaded sequences from: sequences_zn_testing.txt
Total unique sequences in master map: 152
Scanning /mnt/iusers01/fse-ugpgt01/chem02/u28460tc/scratch/alphafold_test_set/output_batch_dir_2/test_set: Found 152 matching proteins.
Fold 1 | Accuracy: 80.39% | Macro F1: 80.44%
              precision    recall  f1-score   support

        HEME       0.88      0.91      0.90        47
         FAD       0.85      0.85      0.85        47
        Zn2+       0.70      0.68      0.69        47
         Cu+       0.81      0.81      0.81        16
Cofactorless       0.78      0.77      0.77        47

    accuracy                           0.80       204
   macro avg       0.80      0.81      0.80       204
weighted avg       0.80      0.80      0.80       204

Fold 2 | Accuracy: 83.33% | Macro F1: 82.90%
              precision    recall  f1-score   support

        HEME       0.95      0.89      0.92        47
         FAD       0.86      0.91      0.89        47
        Zn2+       0.76      0.74      0.75        47
         Cu+       0.74      0.88      0.80        16
Cofactorless       0.80      0.77      0.78        47

    accuracy                           0.83       204
   macro avg       0.82      0.84      0.83       204
weighted avg       0.84      0.83      0.83       204

Fold 3 | Accuracy: 81.37% | Macro F1: 81.95%
              precision    recall  f1-score   support

        HEME       0.87      0.83      0.85        47
         FAD       0.88      0.96      0.92        47
        Zn2+       0.76      0.74      0.75        47
         Cu+       1.00      0.75      0.86        16
Cofactorless       0.70      0.74      0.72        47

    accuracy                           0.81       204
   macro avg       0.84      0.81      0.82       204
weighted avg       0.82      0.81      0.81       204

Fold 4 | Accuracy: 75.49% | Macro F1: 75.14%
              precision    recall  f1-score   support

        HEME       0.84      0.87      0.85        47
         FAD       0.78      0.85      0.82        47
        Zn2+       0.73      0.57      0.64        47
         Cu+       0.75      0.75      0.75        16
Cofactorless       0.67      0.72      0.69        47

    accuracy                           0.75       204
   macro avg       0.75      0.75      0.75       204
weighted avg       0.75      0.75      0.75       204

Fold 5 | Accuracy: 78.92% | Macro F1: 78.77%
              precision    recall  f1-score   support

        HEME       0.88      0.94      0.91        47
         FAD       0.90      0.77      0.83        47
        Zn2+       0.71      0.77      0.73        47
         Cu+       1.00      0.62      0.77        16
Cofactorless       0.66      0.74      0.70        47

    accuracy                           0.79       204
   macro avg       0.83      0.77      0.79       204
weighted avg       0.80      0.79      0.79       204


Mean Accuracy: 79.90% ± 2.63%
Mean Macro F1: 79.84% ± 2.73%

Training final production model on all pooled data...
